// Jest Snapshot v1, https://goo.gl/fbAQLP

exports[`TextScroll matches snapshot 1`] = `undefined`;
