// Jest Snapshot v1, https://goo.gl/fbAQLP

exports[`App matches snapshot 1`] = `
ShallowWrapper {
  "length": 1,
  Symbol(enzyme.__root__): [Circular],
  Symbol(enzyme.__unrendered__): <App />,
  Symbol(enzyme.__renderer__): Object {
    "batchedUpdates": [Function],
    "getNode": [Function],
    "render": [Function],
    "simulateEvent": [Function],
    "unmount": [Function],
  },
  Symbol(enzyme.__node__): Object {
    "instance": null,
    "key": undefined,
    "nodeType": "host",
    "props": Object {
      "children": Array [
        <aside>
          <TextScroll
                    textCrawl={Object {}}
          />
</aside>,
        <main>
          <div
                    className="buttons"
          >
                    <Button
                              callback={[Function]}
                              category="favorites"
                    />
                    <Button
                              callback={[Function]}
                              category="People"
                    />
                    <Button
                              callback={[Function]}
                              category="Vehicles"
                    />
                    <Button
                              callback={[Function]}
                              category="Planets"
                    />
          </div>
          <CardContainer
                    cardList={Array []}
          />
</main>,
      ],
      "className": "background",
    },
    "ref": null,
    "rendered": Array [
      Object {
        "instance": null,
        "key": undefined,
        "nodeType": "host",
        "props": Object {
          "children": <TextScroll
            textCrawl={Object {}}
/>,
        },
        "ref": null,
        "rendered": Object {
          "instance": null,
          "key": undefined,
          "nodeType": "function",
          "props": Object {
            "textCrawl": Object {},
          },
          "ref": null,
          "rendered": null,
          "type": [Function],
        },
        "type": "aside",
      },
      Object {
        "instance": null,
        "key": undefined,
        "nodeType": "host",
        "props": Object {
          "children": Array [
            <div
              className="buttons"
>
              <Button
                            callback={[Function]}
                            category="favorites"
              />
              <Button
                            callback={[Function]}
                            category="People"
              />
              <Button
                            callback={[Function]}
                            category="Vehicles"
              />
              <Button
                            callback={[Function]}
                            category="Planets"
              />
</div>,
            <CardContainer
              cardList={Array []}
/>,
          ],
        },
        "ref": null,
        "rendered": Array [
          Object {
            "instance": null,
            "key": undefined,
            "nodeType": "host",
            "props": Object {
              "children": Array [
                <Button
                  callback={[Function]}
                  category="favorites"
/>,
                <Button
                  callback={[Function]}
                  category="People"
/>,
                <Button
                  callback={[Function]}
                  category="Vehicles"
/>,
                <Button
                  callback={[Function]}
                  category="Planets"
/>,
              ],
              "className": "buttons",
            },
            "ref": null,
            "rendered": Array [
              Object {
                "instance": null,
                "key": undefined,
                "nodeType": "function",
                "props": Object {
                  "callback": [Function],
                  "category": "favorites",
                },
                "ref": null,
                "rendered": null,
                "type": [Function],
              },
              Object {
                "instance": null,
                "key": undefined,
                "nodeType": "function",
                "props": Object {
                  "callback": [Function],
                  "category": "People",
                },
                "ref": null,
                "rendered": null,
                "type": [Function],
              },
              Object {
                "instance": null,
                "key": undefined,
                "nodeType": "function",
                "props": Object {
                  "callback": [Function],
                  "category": "Vehicles",
                },
                "ref": null,
                "rendered": null,
                "type": [Function],
              },
              Object {
                "instance": null,
                "key": undefined,
                "nodeType": "function",
                "props": Object {
                  "callback": [Function],
                  "category": "Planets",
                },
                "ref": null,
                "rendered": null,
                "type": [Function],
              },
            ],
            "type": "div",
          },
          Object {
            "instance": null,
            "key": undefined,
            "nodeType": "function",
            "props": Object {
              "cardList": Array [],
            },
            "ref": null,
            "rendered": null,
            "type": [Function],
          },
        ],
        "type": "main",
      },
    ],
    "type": "div",
  },
  Symbol(enzyme.__nodes__): Array [
    Object {
      "instance": null,
      "key": undefined,
      "nodeType": "host",
      "props": Object {
        "children": Array [
          <aside>
            <TextScroll
                        textCrawl={Object {}}
            />
</aside>,
          <main>
            <div
                        className="buttons"
            >
                        <Button
                                    callback={[Function]}
                                    category="favorites"
                        />
                        <Button
                                    callback={[Function]}
                                    category="People"
                        />
                        <Button
                                    callback={[Function]}
                                    category="Vehicles"
                        />
                        <Button
                                    callback={[Function]}
                                    category="Planets"
                        />
            </div>
            <CardContainer
                        cardList={Array []}
            />
</main>,
        ],
        "className": "background",
      },
      "ref": null,
      "rendered": Array [
        Object {
          "instance": null,
          "key": undefined,
          "nodeType": "host",
          "props": Object {
            "children": <TextScroll
              textCrawl={Object {}}
/>,
          },
          "ref": null,
          "rendered": Object {
            "instance": null,
            "key": undefined,
            "nodeType": "function",
            "props": Object {
              "textCrawl": Object {},
            },
            "ref": null,
            "rendered": null,
            "type": [Function],
          },
          "type": "aside",
        },
        Object {
          "instance": null,
          "key": undefined,
          "nodeType": "host",
          "props": Object {
            "children": Array [
              <div
                className="buttons"
>
                <Button
                                callback={[Function]}
                                category="favorites"
                />
                <Button
                                callback={[Function]}
                                category="People"
                />
                <Button
                                callback={[Function]}
                                category="Vehicles"
                />
                <Button
                                callback={[Function]}
                                category="Planets"
                />
</div>,
              <CardContainer
                cardList={Array []}
/>,
            ],
          },
          "ref": null,
          "rendered": Array [
            Object {
              "instance": null,
              "key": undefined,
              "nodeType": "host",
              "props": Object {
                "children": Array [
                  <Button
                    callback={[Function]}
                    category="favorites"
/>,
                  <Button
                    callback={[Function]}
                    category="People"
/>,
                  <Button
                    callback={[Function]}
                    category="Vehicles"
/>,
                  <Button
                    callback={[Function]}
                    category="Planets"
/>,
                ],
                "className": "buttons",
              },
              "ref": null,
              "rendered": Array [
                Object {
                  "instance": null,
                  "key": undefined,
                  "nodeType": "function",
                  "props": Object {
                    "callback": [Function],
                    "category": "favorites",
                  },
                  "ref": null,
                  "rendered": null,
                  "type": [Function],
                },
                Object {
                  "instance": null,
                  "key": undefined,
                  "nodeType": "function",
                  "props": Object {
                    "callback": [Function],
                    "category": "People",
                  },
                  "ref": null,
                  "rendered": null,
                  "type": [Function],
                },
                Object {
                  "instance": null,
                  "key": undefined,
                  "nodeType": "function",
                  "props": Object {
                    "callback": [Function],
                    "category": "Vehicles",
                  },
                  "ref": null,
                  "rendered": null,
                  "type": [Function],
                },
                Object {
                  "instance": null,
                  "key": undefined,
                  "nodeType": "function",
                  "props": Object {
                    "callback": [Function],
                    "category": "Planets",
                  },
                  "ref": null,
                  "rendered": null,
                  "type": [Function],
                },
              ],
              "type": "div",
            },
            Object {
              "instance": null,
              "key": undefined,
              "nodeType": "function",
              "props": Object {
                "cardList": Array [],
              },
              "ref": null,
              "rendered": null,
              "type": [Function],
            },
          ],
          "type": "main",
        },
      ],
      "type": "div",
    },
  ],
  Symbol(enzyme.__options__): Object {
    "adapter": ReactSixteenAdapter {
      "options": Object {
        "enableComponentDidUpdateOnSetState": true,
      },
    },
  },
}
`;
