// Jest Snapshot v1, https://goo.gl/fbAQLP

exports[`CardContainer matches snapshot 1`] = `
ShallowWrapper {
  "length": 1,
  Symbol(enzyme.__root__): [Circular],
  Symbol(enzyme.__unrendered__): <CardContainer
    cardList={
        Array [
            Object {
              "favorited": false,
              "name": "Name",
              "planet": "Earth",
            },
            Object {
              "favorited": false,
              "name": "Name2",
              "planet": "Mars",
            },
          ]
    }
    clickedCard={[Function]}
/>,
  Symbol(enzyme.__renderer__): Object {
    "batchedUpdates": [Function],
    "getNode": [Function],
    "render": [Function],
    "simulateEvent": [Function],
    "unmount": [Function],
  },
  Symbol(enzyme.__node__): Object {
    "instance": null,
    "key": undefined,
    "nodeType": "host",
    "props": Object {
      "children": Array [
        <h1
          className="cards-to-display"
>
          There Are No Cards To Display
</h1>,
        Array [
          <Card
            card={
                        Object {
                                    "favorited": false,
                                    "name": "Name",
                                    "planet": "Earth",
                                  }
            }
            clickedCard={[Function]}
/>,
          <Card
            card={
                        Object {
                                    "favorited": false,
                                    "name": "Name2",
                                    "planet": "Mars",
                                  }
            }
            clickedCard={[Function]}
/>,
        ],
      ],
    },
    "ref": null,
    "rendered": Array [
      Object {
        "instance": null,
        "key": undefined,
        "nodeType": "host",
        "props": Object {
          "children": "There Are No Cards To Display",
          "className": "cards-to-display",
        },
        "ref": null,
        "rendered": "There Are No Cards To Display",
        "type": "h1",
      },
      Object {
        "instance": null,
        "key": "0",
        "nodeType": "function",
        "props": Object {
          "card": Object {
            "favorited": false,
            "name": "Name",
            "planet": "Earth",
          },
          "clickedCard": [Function],
        },
        "ref": null,
        "rendered": null,
        "type": [Function],
      },
      Object {
        "instance": null,
        "key": "1",
        "nodeType": "function",
        "props": Object {
          "card": Object {
            "favorited": false,
            "name": "Name2",
            "planet": "Mars",
          },
          "clickedCard": [Function],
        },
        "ref": null,
        "rendered": null,
        "type": [Function],
      },
    ],
    "type": "section",
  },
  Symbol(enzyme.__nodes__): Array [
    Object {
      "instance": null,
      "key": undefined,
      "nodeType": "host",
      "props": Object {
        "children": Array [
          <h1
            className="cards-to-display"
>
            There Are No Cards To Display
</h1>,
          Array [
            <Card
              card={
                            Object {
                                          "favorited": false,
                                          "name": "Name",
                                          "planet": "Earth",
                                        }
              }
              clickedCard={[Function]}
/>,
            <Card
              card={
                            Object {
                                          "favorited": false,
                                          "name": "Name2",
                                          "planet": "Mars",
                                        }
              }
              clickedCard={[Function]}
/>,
          ],
        ],
      },
      "ref": null,
      "rendered": Array [
        Object {
          "instance": null,
          "key": undefined,
          "nodeType": "host",
          "props": Object {
            "children": "There Are No Cards To Display",
            "className": "cards-to-display",
          },
          "ref": null,
          "rendered": "There Are No Cards To Display",
          "type": "h1",
        },
        Object {
          "instance": null,
          "key": "0",
          "nodeType": "function",
          "props": Object {
            "card": Object {
              "favorited": false,
              "name": "Name",
              "planet": "Earth",
            },
            "clickedCard": [Function],
          },
          "ref": null,
          "rendered": null,
          "type": [Function],
        },
        Object {
          "instance": null,
          "key": "1",
          "nodeType": "function",
          "props": Object {
            "card": Object {
              "favorited": false,
              "name": "Name2",
              "planet": "Mars",
            },
            "clickedCard": [Function],
          },
          "ref": null,
          "rendered": null,
          "type": [Function],
        },
      ],
      "type": "section",
    },
  ],
  Symbol(enzyme.__options__): Object {
    "adapter": ReactSixteenAdapter {
      "options": Object {
        "enableComponentDidUpdateOnSetState": true,
      },
    },
  },
}
`;
